// Jest Snapshot v1, https://goo.gl/fbAQLP

exports[`renders correctly 1`] = `
<div
  className="menu-images -flex"
  style={
    Object {
      "opacity": 0,
    }
  }
>
  <div
    className="menu-slider"
  >
    <div
      className="slider-mask"
    />
    <div
      className="slider-wrapper"
      style={
        Object {
          "transform": "translateX(0px)",
          "transition": "transform 2s",
        }
      }
    >
      <div
        className="slide"
      >
        <div
          className="slide-img"
          style={
            Object {
              "backgroundImage": "url(https://alfacharlie.b-cdn.net/wp-content/uploads/2019/05/Alfa-Charlie-Creative-Agency-home-e1558112927714.jpg)",
              "transform": "translateX(1px)",
              "transition": "transform 2s",
            }
          }
        />
      </div>
      <div
        className="slide"
      >
        <div
          className="slide-img"
          style={
            Object {
              "backgroundImage": "url(https://alfacharlie.b-cdn.net/wp-content/uploads/2019/05/Alfa-Charlie-Creative-Agency-about-5.jpg)",
              "transform": "translateX(1px)",
              "transition": "transform 2s",
            }
          }
        />
      </div>
      <div
        className="slide"
      >
        <div
          className="slide-img"
          style={
            Object {
              "backgroundImage": "url(https://alfacharlie.b-cdn.net/wp-content/uploads/2019/04/Alfa-Charlie-Creative-Agency-work.jpg)",
              "transform": "translateX(1px)",
              "transition": "transform 2s",
            }
          }
        />
      </div>
      <div
        className="slide"
      >
        <div
          className="slide-img"
          style={
            Object {
              "backgroundImage": "url(https://alfacharlie.b-cdn.net/wp-content/uploads/2019/05/Alfa-Charlie-Creative-Agency-home-2.jpg)",
              "transform": "translateX(1px)",
              "transition": "transform 2s",
            }
          }
        />
      </div>
      <div
        className="slide"
      >
        <div
          className="slide-img"
          style={
            Object {
              "backgroundImage": "url(https://alfacharlie.b-cdn.net/wp-content/uploads/2019/05/Alfa-Charlie-Creative-Agency-contact-2.jpg)",
              "transform": "translateX(1px)",
              "transition": "transform 2s",
            }
          }
        />
      </div>
    </div>
  </div>
</div>
`;
