// Jest Snapshot v1, https://goo.gl/fbAQLP

exports[`renders correctly 1`] = `
<div
  className="menu-white"
  style={
    Object {
      "opacity": 1,
      "transform": "translateX(100%)",
    }
  }
/>
`;
