// Jest Snapshot v1, https://goo.gl/fbAQLP

exports[`renders correctly 1`] = `
<span
  className="link-character"
  style={
    Object {
      "opacity": 0,
    }
  }
>
  d
</span>
`;
