// Jest Snapshot v1, https://goo.gl/fbAQLP

exports[`renders correctly 1`] = `
<svg
  className="menu-cross"
  viewBox="0 0 59 59"
  x="0px"
  y="0px"
>
  <line
    x1="6.7"
    x2="53"
    y1="6.5"
    y2="53"
  />
  <line
    x1="6.7"
    x2="53"
    y1="53"
    y2="6.5"
  />
</svg>
`;
