// Jest Snapshot v1, https://goo.gl/fbAQLP

exports[`renders correctly 1`] = `
<svg
  className="menu-hamburger"
  viewBox="0 0 72 72"
  x="0"
  y="0"
>
  <line
    x1="2"
    x2="69"
    y1="9"
    y2="9"
  />
  <line
    x1="2"
    x2="69"
    y1="35"
    y2="35"
  />
  <line
    x1="2"
    x2="69"
    y1="61"
    y2="61"
  />
</svg>
`;
